// Vitest Snapshot v1, https://vitest.dev/guide/snapshot.html

exports[`Alert > renders contents properly 1`] = `
<DocumentFragment>
  <div
    class="rounded-md bg-yellow-50 p-4"
  >
    <div
      class="flex"
    >
      <div
        class="flex-shrink-0"
      >
        <svg
          aria-hidden="true"
          class="h-5 w-5 text-yellow-400"
          data-slot="icon"
          fill="currentColor"
          viewBox="0 0 24 24"
          xmlns="http://www.w3.org/2000/svg"
        >
          <path
            clip-rule="evenodd"
            d="M9.401 3.003c1.155-2 4.043-2 5.197 0l7.355 12.748c1.154 2-.29 4.5-2.599 4.5H4.645c-2.309 0-3.752-2.5-2.598-4.5L9.4 3.003ZM12 8.25a.75.75 0 0 1 .75.75v3.75a.75.75 0 0 1-1.5 0V9a.75.75 0 0 1 .75-.75Zm0 8.25a.75.75 0 1 0 0-1.5.75.75 0 0 0 0 1.5Z"
            fill-rule="evenodd"
          />
        </svg>
      </div>
      <div
        class="ml-3"
      >
        <h3
          class="text-sm font-medium text-yellow-800"
        >
          Attention
        </h3>
        <div
          class="mt-2 text-sm text-yellow-700"
        >
          <div>
            contents
          </div>
        </div>
      </div>
    </div>
  </div>
</DocumentFragment>
`;
